2026-09-22T13:10:50-10:00HTTP listening on http://127.0.0.1:8799 (open access on bind)
2026-09-22T13:10:50-10:00Starting cloudflared mode=token public_host=rootserver.rootrecord.cloud
2026-09-22T13:10:50-10:00Poller is online.
2026-09-22T13:10:50-10:00cloudflared: 2026-09-22T23:10:50Z INF Starting tunnel tunnelID=0f16a586-8791-4711-8347-a162c264110d
2026-09-22T13:10:50-10:00cloudflared: 2026-09-22T23:10:50Z INF Version 2026.9.1 (Checksum 03f1f25d1cc93b9ad6c60569d44060bc4f17ed97075760ed8cfca4b12dcd68cc)
2026-09-22T13:10:50-10:00cloudflared: 2026-09-22T23:10:50Z INF GOOS: linux, GOVersion: go1.26.8, GoArch: amd64
2026-09-22T13:10:50-10:00cloudflared: 2026-09-22T23:10:50Z INF Settings: map[no-autoupdate:true token:*****]
2026-09-22T13:10:50-10:00cloudflared: 2026-09-22T23:10:50Z INF Environmental variables map[POLLER_TUNNEL_MODE:token]
2026-09-22T13:10:51-10:00cloudflared: 2026-09-22T23:10:51Z INF Generated Connector ID: e1074dd1-5c43-42f8-95b8-c0ef5f655ae9
2026-09-22T13:10:51-10:00cloudflared: 2026-09-22T23:10:51Z INF Initial protocol quic
2026-09-22T13:10:51-10:00cloudflared: 2026-09-22T23:10:51Z INF ICMP proxy will use 192.168.1.66 as source for IPv4
2026-09-22T13:10:51-10:00cloudflared: 2026-09-22T23:10:51Z INF ICMP proxy will use fdac:a7:f8b5:8:7296:f2c2:5a7f:602e in zone wlo1 as source for IPv6
2026-09-22T13:10:51-10:00cloudflared: 2026-09-22T23:10:51Z INF ICMP proxy will use 192.168.1.66 as source for IPv4
2026-09-22T13:10:51-10:00cloudflared: 2026-09-22T23:10:51Z INF ICMP proxy will use fdac:a7:f8b5:8:7296:f2c2:5a7f:602e in zone wlo1 as source for IPv6
2026-09-22T13:10:51-10:00cloudflared: 2026-09-22T23:10:51Z INF Starting metrics server on 127.0.0.1:20241/metrics
2026-09-22T13:10:51-10:00cloudflared: 2026-09-22T23:10:51Z INF Tunnel connection curve preferences: [X25519MLKEM768 CurveID(65074) CurveP256] connIndex=0 event=0 ip=2606:4700:a8::7
2026-09-22T13:10:51-10:00cloudflared: 2026-09-22T23:10:51Z INF Registered tunnel connection connIndex=0 connection=bb5b2302-67da-4bed-b061-9f002bd482de event=0 ip=2606:4700:a8::7 location=sjc10 protocol=quic
2026-09-22T13:10:51-10:00cloudflared: 2026-09-22T23:10:51Z INF Tunnel connection curve preferences: [X25519MLKEM768 CurveID(65074) CurveP256] connIndex=1 event=0 ip=2606:4700:a0::1
2026-09-22T13:10:51-10:00cloudflared: 2026-09-22T23:10:51Z INF Updated to new configuration config="{\"ingress\":[{\"hostname\":\"origin.avaivy.cloud\",\"service\":\"http://127.0.0.1:8787\"},{\"service\":\"http_status:404\"}],\"warp-routing\":{\"enabled\":false}}" version=4
2026-09-22T13:10:52-10:00cloudflared: 2026-09-22T23:10:52Z INF Registered tunnel connection connIndex=1 connection=3bea2810-0348-4748-aab1-83874a503c4b event=0 ip=2606:4700:a0::1 location=lax10 protocol=quic
2026-09-22T13:10:52-10:00cloudflared: 2026-09-22T23:10:52Z INF +-------------------------------------------------------------------------------------+
2026-09-22T13:10:52-10:00cloudflared: 2026-09-22T23:10:52Z INF |                               CONNECTIVITY PRE-CHECKS                               |
2026-09-22T13:10:52-10:00cloudflared: 2026-09-22T23:10:52Z INF +-------------------------------------------------------------------------------------+
2026-09-22T13:10:52-10:00cloudflared: 2026-09-22T23:10:52Z INF |  COMPONENT         TARGET                     STATUS  DETAILS                       |
2026-09-22T13:10:52-10:00cloudflared: 2026-09-22T23:10:52Z INF |  DNS Resolution    region1.v2.argotunnel.com  PASS    DNS Resolved successfully     |
2026-09-22T13:10:52-10:00cloudflared: 2026-09-22T23:10:52Z INF |  DNS Resolution    region2.v2.argotunnel.com  PASS    DNS Resolved successfully     |
2026-09-22T13:10:52-10:00cloudflared: 2026-09-22T23:10:52Z INF |  UDP Connectivity  region1.v2.argotunnel.com  PASS    QUIC connection successful    |
2026-09-22T13:10:52-10:00cloudflared: 2026-09-22T23:10:52Z INF |  UDP Connectivity  region2.v2.argotunnel.com  PASS    QUIC connection successful    |
2026-09-22T13:10:52-10:00cloudflared: 2026-09-22T23:10:52Z INF |  TCP Connectivity  region1.v2.argotunnel.com  PASS    HTTP/2 connection successful  |
2026-09-22T13:10:52-10:00cloudflared: 2026-09-22T23:10:52Z INF |  TCP Connectivity  region2.v2.argotunnel.com  PASS    HTTP/2 connection successful  |
2026-09-22T13:10:52-10:00cloudflared: 2026-09-22T23:10:52Z INF |  Cloudflare API    api.cloudflare.com:443     PASS    API is reachable              |
2026-09-22T13:10:52-10:00cloudflared: 2026-09-22T23:10:52Z INF |                                                                                     |
2026-09-22T13:10:52-10:00cloudflared: 2026-09-22T23:10:52Z INF |  SUMMARY: Environment is healthy. cloudflared will use 'quic' as primary protocol.  |
2026-09-22T13:10:52-10:00cloudflared: 2026-09-22T23:10:52Z INF +-------------------------------------------------------------------------------------+
2026-09-22T13:10:52-10:00cloudflared: 2026-09-22T23:10:52Z INF precheck component="DNS Resolution" details="DNS Resolved successfully" run_id=b21662b3-9354-48e9-bd2f-badd5e14a708 status=pass target=region1.v2.argotunnel.com
2026-09-22T13:10:52-10:00cloudflared: 2026-09-22T23:10:52Z INF precheck component="DNS Resolution" details="DNS Resolved successfully" run_id=b21662b3-9354-48e9-bd2f-badd5e14a708 status=pass target=region2.v2.argotunnel.com
2026-09-22T13:10:52-10:00cloudflared: 2026-09-22T23:10:52Z INF precheck component="UDP Connectivity" details="QUIC connection successful" run_id=b21662b3-9354-48e9-bd2f-badd5e14a708 status=pass target=region1.v2.argotunnel.com
2026-09-22T13:10:52-10:00cloudflared: 2026-09-22T23:10:52Z INF precheck component="UDP Connectivity" details="QUIC connection successful" run_id=b21662b3-9354-48e9-bd2f-badd5e14a708 status=pass target=region2.v2.argotunnel.com
2026-09-22T13:10:52-10:00cloudflared: 2026-09-22T23:10:52Z INF precheck component="TCP Connectivity" details="HTTP/2 connection successful" run_id=b21662b3-9354-48e9-bd2f-badd5e14a708 status=pass target=region1.v2.argotunnel.com
2026-09-22T13:10:52-10:00cloudflared: 2026-09-22T23:10:52Z INF precheck component="TCP Connectivity" details="HTTP/2 connection successful" run_id=b21662b3-9354-48e9-bd2f-badd5e14a708 status=pass target=region2.v2.argotunnel.com
2026-09-22T13:10:52-10:00cloudflared: 2026-09-22T23:10:52Z INF precheck component="Cloudflare API" details="API is reachable" run_id=b21662b3-9354-48e9-bd2f-badd5e14a708 status=pass target=api.cloudflare.com:443
2026-09-22T13:10:52-10:00cloudflared: 2026-09-22T23:10:52Z INF precheck complete hard_fail=false run_id=b21662b3-9354-48e9-bd2f-badd5e14a708 suggested_protocol=quic
2026-09-22T13:10:52-10:00cloudflared: 2026-09-22T23:10:52Z INF Tunnel connection curve preferences: [X25519MLKEM768 CurveID(65074) CurveP256] connIndex=2 event=0 ip=2606:4700:a0::3
2026-09-22T13:10:53-10:00cloudflared: 2026-09-22T23:10:53Z INF Registered tunnel connection connIndex=2 connection=6ad6bcb6-bca5-4f93-9203-81b154f521a8 event=0 ip=2606:4700:a0::3 location=lax10 protocol=quic
2026-09-22T13:10:53-10:00cloudflared: 2026-09-22T23:10:53Z INF Tunnel connection curve preferences: [X25519MLKEM768 CurveID(65074) CurveP256] connIndex=3 event=0 ip=2606:4700:a8::5
2026-09-22T13:10:54-10:00cloudflared: 2026-09-22T23:10:54Z INF Registered tunnel connection connIndex=3 connection=4d8128b3-2d43-4933-8279-403190861853 event=0 ip=2606:4700:a8::5 location=sjc10 protocol=quic
2026-09-22T13:10:55-10:00Poller is online.
2026-09-22T13:11:00-10:00Poller is online.
2026-09-22T13:11:05-10:00Poller is online.
2026-09-22T13:11:10-10:00Poller is online.
2026-09-22T13:11:15-10:00Poller is online.
2026-09-22T13:11:20-10:00Poller is online.
2026-09-22T13:11:25-10:00Poller is online.
2026-09-22T13:11:28-10:00cloudflared: 2026-09-22T23:11:28Z INF Initiating graceful shutdown due to signal terminated ...
2026-09-22T13:11:28-10:00HTTP listening on http://127.0.0.1:8799 (open access on bind)
2026-09-22T13:11:28-10:00Starting cloudflared mode=token public_host=rootserver.rootrecord.cloud
2026-09-22T13:11:28-10:00Poller is online.
2026-09-22T13:11:28-10:00cloudflared: 2026-09-22T23:11:28Z INF Starting tunnel tunnelID=0f16a586-8791-4711-8347-a162c264110d
2026-09-22T13:11:28-10:00cloudflared: 2026-09-22T23:11:28Z INF Version 2026.9.1 (Checksum 03f1f25d1cc93b9ad6c60569d44060bc4f17ed97075760ed8cfca4b12dcd68cc)
2026-09-22T13:11:28-10:00cloudflared: 2026-09-22T23:11:28Z INF GOOS: linux, GOVersion: go1.26.8, GoArch: amd64
2026-09-22T13:11:28-10:00cloudflared: 2026-09-22T23:11:28Z INF Settings: map[no-autoupdate:true]
2026-09-22T13:11:28-10:00cloudflared: 2026-09-22T23:11:28Z INF Environmental variables map[POLLER_TUNNEL_MODE:token TUNNEL_TOKEN:*****]
2026-09-22T13:11:28-10:00cloudflared: 2026-09-22T23:11:28Z INF Generated Connector ID: 4e341606-1cc2-4593-8914-59c3c083fb21
2026-09-22T13:11:28-10:00cloudflared: 2026-09-22T23:11:28Z INF Initial protocol quic
2026-09-22T13:11:28-10:00cloudflared: 2026-09-22T23:11:28Z INF ICMP proxy will use 192.168.1.66 as source for IPv4
2026-09-22T13:11:28-10:00cloudflared: 2026-09-22T23:11:28Z INF ICMP proxy will use fdac:a7:f8b5:8:7296:f2c2:5a7f:602e in zone wlo1 as source for IPv6
2026-09-22T13:11:28-10:00cloudflared: 2026-09-22T23:11:28Z INF ICMP proxy will use 192.168.1.66 as source for IPv4
2026-09-22T13:11:28-10:00cloudflared: 2026-09-22T23:11:28Z INF ICMP proxy will use fdac:a7:f8b5:8:7296:f2c2:5a7f:602e in zone wlo1 as source for IPv6
2026-09-22T13:11:28-10:00cloudflared: 2026-09-22T23:11:28Z INF Starting metrics server on 127.0.0.1:20241/metrics
2026-09-22T13:11:28-10:00cloudflared: 2026-09-22T23:11:28Z INF Tunnel connection curve preferences: [X25519MLKEM768 CurveID(65074) CurveP256] connIndex=0 event=0 ip=2606:4700:a8::6
2026-09-22T13:11:29-10:00cloudflared: 2026-09-22T23:11:29Z INF Registered tunnel connection connIndex=0 connection=45f31067-5ae0-45ee-9e79-6eaf3cb69d37 event=0 ip=2606:4700:a8::6 location=sjc05 protocol=quic
2026-09-22T13:11:29-10:00cloudflared: 2026-09-22T23:11:29Z INF Tunnel connection curve preferences: [X25519MLKEM768 CurveID(65074) CurveP256] connIndex=1 event=0 ip=2606:4700:a0::5
2026-09-22T13:11:29-10:00cloudflared: 2026-09-22T23:11:29Z INF Updated to new configuration config="{\"ingress\":[{\"hostname\":\"origin.avaivy.cloud\",\"service\":\"http://127.0.0.1:8787\"},{\"service\":\"http_status:404\"}],\"warp-routing\":{\"enabled\":false}}" version=4
2026-09-22T13:11:29-10:00cloudflared: 2026-09-22T23:11:29Z INF Registered tunnel connection connIndex=1 connection=5e9f2e16-e95d-489e-8966-7f2180f901da event=0 ip=2606:4700:a0::5 location=lax05 protocol=quic
2026-09-22T13:11:29-10:00cloudflared: 2026-09-22T23:11:29Z INF +-------------------------------------------------------------------------------------+
2026-09-22T13:11:29-10:00cloudflared: 2026-09-22T23:11:29Z INF |                               CONNECTIVITY PRE-CHECKS                               |
2026-09-22T13:11:29-10:00cloudflared: 2026-09-22T23:11:29Z INF +-------------------------------------------------------------------------------------+
2026-09-22T13:11:29-10:00cloudflared: 2026-09-22T23:11:29Z INF |  COMPONENT         TARGET                     STATUS  DETAILS                       |
2026-09-22T13:11:29-10:00cloudflared: 2026-09-22T23:11:29Z INF |  DNS Resolution    region1.v2.argotunnel.com  PASS    DNS Resolved successfully     |
2026-09-22T13:11:29-10:00cloudflared: 2026-09-22T23:11:29Z INF |  DNS Resolution    region2.v2.argotunnel.com  PASS    DNS Resolved successfully     |
2026-09-22T13:11:29-10:00cloudflared: 2026-09-22T23:11:29Z INF |  UDP Connectivity  region1.v2.argotunnel.com  PASS    QUIC connection successful    |
2026-09-22T13:11:29-10:00cloudflared: 2026-09-22T23:11:29Z INF |  UDP Connectivity  region2.v2.argotunnel.com  PASS    QUIC connection successful    |
2026-09-22T13:11:29-10:00cloudflared: 2026-09-22T23:11:29Z INF |  TCP Connectivity  region1.v2.argotunnel.com  PASS    HTTP/2 connection successful  |
2026-09-22T13:11:29-10:00cloudflared: 2026-09-22T23:11:29Z INF |  TCP Connectivity  region2.v2.argotunnel.com  PASS    HTTP/2 connection successful  |
2026-09-22T13:11:29-10:00cloudflared: 2026-09-22T23:11:29Z INF |  Cloudflare API    api.cloudflare.com:443     PASS    API is reachable              |
2026-09-22T13:11:29-10:00cloudflared: 2026-09-22T23:11:29Z INF |                                                                                     |
2026-09-22T13:11:29-10:00cloudflared: 2026-09-22T23:11:29Z INF |  SUMMARY: Environment is healthy. cloudflared will use 'quic' as primary protocol.  |
2026-09-22T13:11:29-10:00cloudflared: 2026-09-22T23:11:29Z INF +-------------------------------------------------------------------------------------+
2026-09-22T13:11:29-10:00cloudflared: 2026-09-22T23:11:29Z INF precheck component="DNS Resolution" details="DNS Resolved successfully" run_id=9d339789-5ecc-4991-a712-5bd599d344e2 status=pass target=region1.v2.argotunnel.com
2026-09-22T13:11:29-10:00cloudflared: 2026-09-22T23:11:29Z INF precheck component="DNS Resolution" details="DNS Resolved successfully" run_id=9d339789-5ecc-4991-a712-5bd599d344e2 status=pass target=region2.v2.argotunnel.com
2026-09-22T13:11:29-10:00cloudflared: 2026-09-22T23:11:29Z INF precheck component="UDP Connectivity" details="QUIC connection successful" run_id=9d339789-5ecc-4991-a712-5bd599d344e2 status=pass target=region1.v2.argotunnel.com
2026-09-22T13:11:29-10:00cloudflared: 2026-09-22T23:11:29Z INF precheck component="UDP Connectivity" details="QUIC connection successful" run_id=9d339789-5ecc-4991-a712-5bd599d344e2 status=pass target=region2.v2.argotunnel.com
2026-09-22T13:11:29-10:00cloudflared: 2026-09-22T23:11:29Z INF precheck component="TCP Connectivity" details="HTTP/2 connection successful" run_id=9d339789-5ecc-4991-a712-5bd599d344e2 status=pass target=region1.v2.argotunnel.com
2026-09-22T13:11:29-10:00cloudflared: 2026-09-22T23:11:29Z INF precheck component="TCP Connectivity" details="HTTP/2 connection successful" run_id=9d339789-5ecc-4991-a712-5bd599d344e2 status=pass target=region2.v2.argotunnel.com
2026-09-22T13:11:29-10:00cloudflared: 2026-09-22T23:11:29Z INF precheck component="Cloudflare API" details="API is reachable" run_id=9d339789-5ecc-4991-a712-5bd599d344e2 status=pass target=api.cloudflare.com:443
2026-09-22T13:11:29-10:00cloudflared: 2026-09-22T23:11:29Z INF precheck complete hard_fail=false run_id=9d339789-5ecc-4991-a712-5bd599d344e2 suggested_protocol=quic
2026-09-22T13:11:30-10:00cloudflared: 2026-09-22T23:11:30Z INF Tunnel connection curve preferences: [X25519MLKEM768 CurveID(65074) CurveP256] connIndex=2 event=0 ip=2606:4700:a8::4
2026-09-22T13:11:30-10:00cloudflared: 2026-09-22T23:11:30Z INF Registered tunnel connection connIndex=2 connection=b11fca61-3c56-420f-819c-ff1064a266e6 event=0 ip=2606:4700:a8::4 location=sjc10 protocol=quic
2026-09-22T13:11:31-10:00cloudflared: 2026-09-22T23:11:31Z INF Tunnel connection curve preferences: [X25519MLKEM768 CurveID(65074) CurveP256] connIndex=3 event=0 ip=2606:4700:a0::9
2026-09-22T13:11:31-10:00cloudflared: 2026-09-22T23:11:31Z INF Registered tunnel connection connIndex=3 connection=d50f1e9f-5d4f-4a11-a0c1-260617f1020d event=0 ip=2606:4700:a0::9 location=lax08 protocol=quic
2026-09-22T13:11:33-10:00Poller is online.
2026-09-22T13:11:38-10:00Poller is online.
2026-09-22T13:11:43-10:00Poller is online.
2026-09-22T13:11:48-10:00Poller is online.
